
> lucky-cat@0.1.0 build-storybook
> storybook build --output-dir=/var/folders/zy/mmtjry2n3gl50mhy42yxhyr00000gn/T/chromatic--16884-H4l5bxe3opA3

[1m@storybook/core v8.6.18
[22m
info => Cleaning outputDir: [36m../../../../../var/folders/zy/mmtjry2n3gl50mhy42yxhyr00000gn/T/chromatic--16884-H4l5bxe3opA3[39m
info => Loading presets
info => Building manager..
info => Manager built ([38;2;181;126;229m85 ms[39m)
info => Building preview..
info Using tsconfig paths for react-docgen
[36mvite v6.4.2 [32mbuilding for production...[36m[39m
transforming...
[32m✓[39m 107 modules transformed.
rendering chunks...
computing gzip size...
[2m../../../../../var/folders/zy/mmtjry2n3gl50mhy42yxhyr00000gn/T/chromatic--16884-H4l5bxe3opA3/[22m[32miframe.html                               [39m[1m[2m 17.55 kB[22m[1m[22m[2m │ gzip:   4.98 kB[22m
[2m../../../../../var/folders/zy/mmtjry2n3gl50mhy42yxhyr00000gn/T/chromatic--16884-H4l5bxe3opA3/[22m[2massets/[22m[35mpreview-BysMMlEf.css               [39m[1m[2m  1.33 kB[22m[1m[22m[2m │ gzip:   0.48 kB[22m
[2m../../../../../var/folders/zy/mmtjry2n3gl50mhy42yxhyr00000gn/T/chromatic--16884-H4l5bxe3opA3/[22m[2massets/[22m[35mButton-VXp7Zhn2.css                [39m[1m[2m  1.46 kB[22m[1m[22m[2m │ gzip:   0.46 kB[22m
[2m../../../../../var/folders/zy/mmtjry2n3gl50mhy42yxhyr00000gn/T/chromatic--16884-H4l5bxe3opA3/[22m[2massets/[22m[36mclient-DgY_8Irm.js                 [39m[1m[2m  0.18 kB[22m[1m[22m[2m │ gzip:   0.15 kB[22m
[2m../../../../../var/folders/zy/mmtjry2n3gl50mhy42yxhyr00000gn/T/chromatic--16884-H4l5bxe3opA3/[22m[2massets/[22m[36mpreview-CvbIS5ZJ.js                [39m[1m[2m  0.18 kB[22m[1m[22m[2m │ gzip:   0.16 kB[22m
[2m../../../../../var/folders/zy/mmtjry2n3gl50mhy42yxhyr00000gn/T/chromatic--16884-H4l5bxe3opA3/[22m[2massets/[22m[36mpreview-Cubs6GXB.js                [39m[1m[2m  0.24 kB[22m[1m[22m[2m │ gzip:   0.18 kB[22m
[2m../../../../../var/folders/zy/mmtjry2n3gl50mhy42yxhyr00000gn/T/chromatic--16884-H4l5bxe3opA3/[22m[2massets/[22m[36mindex-6k1aD0g5.js                  [39m[1m[2m  0.45 kB[22m[1m[22m[2m │ gzip:   0.29 kB[22m
[2m../../../../../var/folders/zy/mmtjry2n3gl50mhy42yxhyr00000gn/T/chromatic--16884-H4l5bxe3opA3/[22m[2massets/[22m[36mindex-BioFo8Zg.js                  [39m[1m[2m  0.58 kB[22m[1m[22m[2m │ gzip:   0.39 kB[22m
[2m../../../../../var/folders/zy/mmtjry2n3gl50mhy42yxhyr00000gn/T/chromatic--16884-H4l5bxe3opA3/[22m[2massets/[22m[36mchunk-XP5HYGXS-BHXC9YeQ.js         [39m[1m[2m  0.71 kB[22m[1m[22m[2m │ gzip:   0.40 kB[22m
[2m../../../../../var/folders/zy/mmtjry2n3gl50mhy42yxhyr00000gn/T/chromatic--16884-H4l5bxe3opA3/[22m[2massets/[22m[36mpreview-DGUiP6tS.js                [39m[1m[2m  0.71 kB[22m[1m[22m[2m │ gzip:   0.50 kB[22m
[2m../../../../../var/folders/zy/mmtjry2n3gl50mhy42yxhyr00000gn/T/chromatic--16884-H4l5bxe3opA3/[22m[2massets/[22m[36mindex-DrFu-skq.js                  [39m[1m[2m  0.77 kB[22m[1m[22m[2m │ gzip:   0.47 kB[22m
[2m../../../../../var/folders/zy/mmtjry2n3gl50mhy42yxhyr00000gn/T/chromatic--16884-H4l5bxe3opA3/[22m[2massets/[22m[36mreact-18-mKg2gmOP.js               [39m[1m[2m  0.83 kB[22m[1m[22m[2m │ gzip:   0.48 kB[22m
[2m../../../../../var/folders/zy/mmtjry2n3gl50mhy42yxhyr00000gn/T/chromatic--16884-H4l5bxe3opA3/[22m[2massets/[22m[36mpreview-DWWd4Hd4.js                [39m[1m[2m  0.91 kB[22m[1m[22m[2m │ gzip:   0.58 kB[22m
[2m../../../../../var/folders/zy/mmtjry2n3gl50mhy42yxhyr00000gn/T/chromatic--16884-H4l5bxe3opA3/[22m[2massets/[22m[36mjsx-runtime-Cf8x2fCZ.js            [39m[1m[2m  1.00 kB[22m[1m[22m[2m │ gzip:   0.62 kB[22m
[2m../../../../../var/folders/zy/mmtjry2n3gl50mhy42yxhyr00000gn/T/chromatic--16884-H4l5bxe3opA3/[22m[2massets/[22m[36mpreview-DD_OYowb.js                [39m[1m[2m  3.51 kB[22m[1m[22m[2m │ gzip:   1.69 kB[22m
[2m../../../../../var/folders/zy/mmtjry2n3gl50mhy42yxhyr00000gn/T/chromatic--16884-H4l5bxe3opA3/[22m[2massets/[22m[36mButton.stories-BrK-hL93.js         [39m[1m[2m  4.33 kB[22m[1m[22m[2m │ gzip:   1.37 kB[22m
[2m../../../../../var/folders/zy/mmtjry2n3gl50mhy42yxhyr00000gn/T/chromatic--16884-H4l5bxe3opA3/[22m[2massets/[22m[36mpreview-B8lJiyuQ.js                [39m[1m[2m  5.06 kB[22m[1m[22m[2m │ gzip:   1.88 kB[22m
[2m../../../../../var/folders/zy/mmtjry2n3gl50mhy42yxhyr00000gn/T/chromatic--16884-H4l5bxe3opA3/[22m[2massets/[22m[36mindex-yBjzXJbu.js                  [39m[1m[2m  6.79 kB[22m[1m[22m[2m │ gzip:   2.72 kB[22m
[2m../../../../../var/folders/zy/mmtjry2n3gl50mhy42yxhyr00000gn/T/chromatic--16884-H4l5bxe3opA3/[22m[2massets/[22m[36mpreview-BWzBA1C2.js                [39m[1m[2m  7.62 kB[22m[1m[22m[2m │ gzip:   1.56 kB[22m
[2m../../../../../var/folders/zy/mmtjry2n3gl50mhy42yxhyr00000gn/T/chromatic--16884-H4l5bxe3opA3/[22m[2massets/[22m[36mpreview-BBWR9nbA.js                [39m[1m[2m  8.12 kB[22m[1m[22m[2m │ gzip:   3.10 kB[22m
[2m../../../../../var/folders/zy/mmtjry2n3gl50mhy42yxhyr00000gn/T/chromatic--16884-H4l5bxe3opA3/[22m[2massets/[22m[36mtest-utils-DI5To_iW.js             [39m[1m[2m 13.08 kB[22m[1m[22m[2m │ gzip:   5.10 kB[22m
[2m../../../../../var/folders/zy/mmtjry2n3gl50mhy42yxhyr00000gn/T/chromatic--16884-H4l5bxe3opA3/[22m[2massets/[22m[36mColor-YHDXOIA2-CRCdVx_k.js         [39m[1m[2m 29.37 kB[22m[1m[22m[2m │ gzip:  11.06 kB[22m
[2m../../../../../var/folders/zy/mmtjry2n3gl50mhy42yxhyr00000gn/T/chromatic--16884-H4l5bxe3opA3/[22m[2massets/[22m[36mentry-preview-_wBYmvN4.js          [39m[1m[2m 29.83 kB[22m[1m[22m[2m │ gzip:   9.54 kB[22m
[2m../../../../../var/folders/zy/mmtjry2n3gl50mhy42yxhyr00000gn/T/chromatic--16884-H4l5bxe3opA3/[22m[2massets/[22m[36mindex-DgH-xKnr.js                  [39m[1m[2m 57.15 kB[22m[1m[22m[2m │ gzip:  16.28 kB[22m
[2m../../../../../var/folders/zy/mmtjry2n3gl50mhy42yxhyr00000gn/T/chromatic--16884-H4l5bxe3opA3/[22m[2massets/[22m[36mindex-BLHw34Di.js                  [39m[1m[2m134.66 kB[22m[1m[22m[2m │ gzip:  43.22 kB[22m
[2m../../../../../var/folders/zy/mmtjry2n3gl50mhy42yxhyr00000gn/T/chromatic--16884-H4l5bxe3opA3/[22m[2massets/[22m[36miframe-Dv7iFGbV.js                 [39m[1m[2m211.97 kB[22m[1m[22m[2m │ gzip:  71.70 kB[22m
[2m../../../../../var/folders/zy/mmtjry2n3gl50mhy42yxhyr00000gn/T/chromatic--16884-H4l5bxe3opA3/[22m[2massets/[22m[36mentry-preview-docs-BUvi5aB2.js     [39m[1m[2m247.11 kB[22m[1m[22m[2m │ gzip:  73.43 kB[22m
[2m../../../../../var/folders/zy/mmtjry2n3gl50mhy42yxhyr00000gn/T/chromatic--16884-H4l5bxe3opA3/[22m[2massets/[22m[36mpreview-VE445I9j.js                [39m[1m[33m660.73 kB[39m[22m[2m │ gzip: 156.59 kB[22m
[2m../../../../../var/folders/zy/mmtjry2n3gl50mhy42yxhyr00000gn/T/chromatic--16884-H4l5bxe3opA3/[22m[2massets/[22m[36mindex-CH2Su9EI.js                  [39m[1m[33m662.49 kB[39m[22m[2m │ gzip: 157.07 kB[22m
[2m../../../../../var/folders/zy/mmtjry2n3gl50mhy42yxhyr00000gn/T/chromatic--16884-H4l5bxe3opA3/[22m[2massets/[22m[36mDocsRenderer-CFRXHY34-D1M4pOv0.js  [39m[1m[33m888.19 kB[39m[22m[2m │ gzip: 275.88 kB[22m
[32m✓ built in 2.00s[39m
info => Preview built ([38;2;181;126;229m2.3 s[39m)
info => Output directory: /var/folders/zy/mmtjry2n3gl50mhy42yxhyr00000gn/T/chromatic--16884-H4l5bxe3opA3
